Set paper size 	419.5275636	595.275597
Begin page
Mx 	40.9764
My 	37.8038
Set font 	Noto Sans Ethiopic;10;400;;normal;;LTR
Mx 	4.4900
Mx 	6.1800
Mx 	8.7100
Mx 	2.6800
T	222 a=4.6900 59 a=6.1800 196 a=8.7100 488 a=2.6800	(የሰው፡)
Mx 	68.2828
T	25 251 488 w=16.1800	(ልጅ፡)
Mx 	89.7091
Mx 	7.3500
Mx 	6.6700
Mx 	2.6800
T	14 a=7.4500 21 a=6.6700 488 a=2.6800	(ሁሉ፡)
Mx 	111.6555
Mx 	7.4400
Mx 	7.3700
Mx 	6.0000
Mx 	7.1100
Mx 	2.6800
T	61 a=7.4400 191 a=7.5700 20 a=5.9000 235 a=7.1100 488 a=2.6800	(ሲወለድ፡)
Mx 	147.5019
T	143 300 145 488 w=17.3900	(ነጻና፡)
Mx 	170.1383
Mx 	6.1800
Mx 	6.4800
Mx 	7.3200
Mx 	4.4000
Mx 	5.1100
Mx 	2.6800
T	99 a=6.1800 171 a=6.4800 104 a=7.4200 56 a=5.1000 145 a=5.1100 488 a=2.6800	(በክብርና፡)
Mx 	207.5547
Mx 	6.0800
Mx 	9.5900
Mx 	7.4200
Mx 	6.3100
Mx 	8.7200
Mx 	2.6800
T	99 a=6.1800 36 a=9.5900 104 a=7.4200 120 a=6.0100 40 a=8.7200 488 a=2.6800	(በመብትም፡)
Mx 	253.6011
Mx 	5.5300
Mx 	7.7100
Mx 	5.8400
Mx 	4.1900
Mx 	6.0100
Mx 	2.6800
T	163 a=5.5300 167 a=7.7100 25 a=6.6400 143 a=4.1900 120 a=6.0100 488 a=2.6800	(እኩልነት፡)
Mx 	290.8074
Mx 	4.4300
Mx 	5.6000
Mx 	8.7100
Mx 	2.6800
T	225 a=4.8300 20 a=5.9000 196 a=8.7100 488 a=2.6800	(ያለው፡)
Mx 	317.4738
Mx 	4.0700
Mx 	8.7100
Mx 	5.0600
T	143 a=4.1900 196 a=8.7100 482 a=5.0600	(ነው።)
Mx 	355.1248
T	488 w=2.6800	(፡)
Mx 	363.0512
Mx 	4.5900
Mx 	6.0100
Mx 	6.2300
Mx 	9.9200
Mx 	6.0700
Mx 	2.6800
T	222 a=4.6900 115 a=6.0100 313 a=6.6300 280 a=9.9200 57 a=6.0700 488 a=2.6800	(የተፈጥሮ፡)
Mx 	20.9764
My 	49.8038
Mx 	8.9200
Mx 	6.1800
Mx 	6.0100
Mx 	6.2000
Mx 	5.9400
Mx 	5.1100
Mx 	2.6800
T	38 a=8.9200 64 a=6.1800 115 a=6.0100 194 a=6.8000 25 a=6.6400 145 a=5.1100 488 a=2.6800	(ማስተዋልና፡)
Mx 	65.2380
Mx 	7.5700
Mx 	6.4300
Mx 	5.1100
Mx 	2.6800
T	33 a=7.5700 22 a=7.5300 145 a=5.1100 488 a=2.6800	(ሕሊና፡)
Mx 	90.2496
Mx 	6.1800
Mx 	5.6900
Mx 	5.6000
Mx 	8.7100
Mx 	2.6800
T	64 a=6.1800 23 a=5.6900 20 a=5.9000 196 a=8.7100 488 a=2.6800	(ስላለው፡)
Mx 	122.3313
Mx 	5.0300
Mx 	4.8800
Mx 	8.5100
Mx 	2.6800
T	158 a=5.5300 147 a=4.8800 231 a=8.5100 488 a=2.6800	(አንዱ፡)
Mx 	146.6529
Mx 	7.7200
Mx 	5.3900
Mx 	7.8100
Mx 	4.8800
Mx 	2.6800
T	24 a=7.7200 23 a=5.6900 196 a=8.7100 147 a=4.8800 488 a=2.6800	(ሌላውን፡)
Mx 	178.3545
Mx 	6.0800
Mx 	7.1700
Mx 	4.8800
Mx 	7.1100
Mx 	8.9200
Mx 	8.8200
Mx 	7.1500
Mx 	4.1900
Mx 	6.0100
Mx 	2.6800
T	99 a=6.1800 191 a=7.5700 147 a=4.8800 235 a=7.1100 38 a=8.9200 38 a=8.9200 128 a=7.3200 143 a=4.1900 120 a=6.0100 488 a=2.6800	(በወንድማማችነት፡)
Mx 	244.5861
Mx 	9.1900
Mx 	4.8000
Mx 	6.6300
Mx 	6.1800
Mx 	2.6800
T	36 a=9.5900 147 a=4.8800 313 a=6.6300 64 a=6.1800 488 a=2.6800	(መንፈስ፡)
Mx 	277.2877
Mx 	9.5900
Mx 	9.3900
Mx 	6.5400
Mx 	6.4800
Mx 	6.0100
Mx 	2.6800
T	36 a=9.5900 36 a=9.5900 25 a=6.6400 166 a=6.4800 120 a=6.0100 488 a=2.6800	(መመልከት፡)
Mx 	321.1994
Mx 	5.6700
Mx 	5.7100
Mx 	6.1000
Mx 	6.2000
Mx 	6.6400
Mx 	5.0600
T	227 a=7.0700 254 a=5.7100 102 a=6.1000 194 a=6.8000 25 a=6.6400 482 a=5.0600	(ይገባዋል።)
Mx 	40.9764
My 	61.8038
Mx 	4.4900
Mx 	6.1800
Mx 	8.7100
T	222 a=4.6900 59 a=6.1800 196 a=8.7100	(የሰው)
Mx 	63.3954
T	488 w=2.6800	(፡)
Mx 	69.1144
T	25 251 w=13.5000	(ልጅ)
Mx 	85.6534
T	488 w=2.6800	(፡)
Mx 	91.3724
Mx 	7.3500
Mx 	6.6700
T	14 a=7.4500 21 a=6.6700	(ሁሉ)
Mx 	108.4315
T	488 w=2.6800	(፡)
Mx 	114.1505
Mx 	7.4400
Mx 	7.3700
Mx 	6.0000
Mx 	7.1100
T	61 a=7.4400 191 a=7.5700 20 a=5.9000 235 a=7.1100	(ሲወለድ)
Mx 	145.1095
T	488 w=2.6800	(፡)
Mx 	150.8285
T	143 300 145 w=14.7100	(ነጻና)
Mx 	168.5775
T	488 w=2.6800	(፡)
Mx 	174.2965
Mx 	6.1800
Mx 	6.4800
Mx 	7.3200
Mx 	4.4000
Mx 	5.1100
T	99 a=6.1800 171 a=6.4800 104 a=7.4200 56 a=5.1000 145 a=5.1100	(በክብርና)
Mx 	206.8255
T	488 w=2.6800	(፡)
Mx 	212.5446
Mx 	6.0800
Mx 	9.5900
Mx 	7.4200
Mx 	6.3100
Mx 	8.7200
T	99 a=6.1800 36 a=9.5900 104 a=7.4200 120 a=6.0100 40 a=8.7200	(በመብትም)
Mx 	253.7036
T	488 w=2.6800	(፡)
Mx 	259.4226
Mx 	5.5300
Mx 	7.7100
Mx 	5.8400
Mx 	4.1900
Mx 	6.0100
T	163 a=5.5300 167 a=7.7100 25 a=6.6400 143 a=4.1900 120 a=6.0100	(እኩልነት)
Mx 	291.7416
T	488 w=2.6800	(፡)
Mx 	297.4606
Mx 	4.4300
Mx 	5.6000
Mx 	8.7100
T	225 a=4.8300 20 a=5.9000 196 a=8.7100	(ያለው)
Mx 	319.2396
T	488 w=2.6800	(፡)
Mx 	324.9586
Mx 	4.0700
Mx 	8.7100
T	143 a=4.1900 196 a=8.7100	(ነው)
Mx 	343.4765
T	482 w=5.0600	(።)
Mx 	360.0122
T	488 w=2.6800	(፡)
Mx 	365.7312
Mx 	4.5900
Mx 	6.0100
Mx 	6.2300
Mx 	9.9200
Mx 	6.0700
T	222 a=4.6900 115 a=6.0100 313 a=6.6300 280 a=9.9200 57 a=6.0700	(የተፈጥሮ)
Mx 	20.9764
My 	73.8038
T	488 w=2.6800	(፡)
Mx 	26.8730
Mx 	8.9200
Mx 	6.1800
Mx 	6.0100
Mx 	6.2000
Mx 	5.9400
Mx 	5.1100
T	38 a=8.9200 64 a=6.1800 115 a=6.0100 194 a=6.8000 25 a=6.6400 145 a=5.1100	(ማስተዋልና)
Mx 	68.4495
T	488 w=2.6800	(፡)
Mx 	74.3461
Mx 	7.5700
Mx 	6.4300
Mx 	5.1100
T	33 a=7.5700 22 a=7.5300 145 a=5.1100	(ሕሊና)
Mx 	96.6727
T	488 w=2.6800	(፡)
Mx 	102.5693
Mx 	6.1800
Mx 	5.6900
Mx 	5.6000
Mx 	8.7100
T	64 a=6.1800 23 a=5.6900 20 a=5.9000 196 a=8.7100	(ስላለው)
Mx 	131.9658
T	488 w=2.6800	(፡)
Mx 	137.8624
Mx 	5.0300
Mx 	4.8800
Mx 	8.5100
T	158 a=5.5300 147 a=4.8800 231 a=8.5100	(አንዱ)
Mx 	159.4990
T	488 w=2.6800	(፡)
Mx 	165.3956
Mx 	7.7200
Mx 	5.3900
Mx 	7.8100
Mx 	4.8800
T	24 a=7.7200 23 a=5.6900 196 a=8.7100 147 a=4.8800	(ሌላውን)
Mx 	194.4122
T	488 w=2.6800	(፡)
Mx 	200.3087
Mx 	6.0800
Mx 	7.1700
Mx 	4.8800
Mx 	7.1100
Mx 	8.9200
Mx 	8.8200
Mx 	7.1500
Mx 	4.1900
Mx 	6.0100
T	99 a=6.1800 191 a=7.5700 147 a=4.8800 235 a=7.1100 38 a=8.9200 38 a=8.9200 128 a=7.3200 143 a=4.1900 120 a=6.0100	(በወንድማማችነት)
Mx 	263.8553
T	488 w=2.6800	(፡)
Mx 	269.7519
Mx 	9.1900
Mx 	4.8000
Mx 	6.6300
Mx 	6.1800
T	36 a=9.5900 147 a=4.8800 313 a=6.6300 64 a=6.1800	(መንፈስ)
Mx 	299.7685
T	488 w=2.6800	(፡)
Mx 	305.6650
Mx 	9.5900
Mx 	9.3900
Mx 	6.5400
Mx 	6.4800
Mx 	6.0100
T	36 a=9.5900 36 a=9.5900 25 a=6.6400 166 a=6.4800 120 a=6.0100	(መመልከት)
Mx 	346.8916
T	488 w=2.6800	(፡)
Mx 	352.7882
Mx 	5.6700
Mx 	5.7100
Mx 	6.1000
Mx 	6.2000
Mx 	6.6400
T	227 a=7.0700 254 a=5.7100 102 a=6.1000 194 a=6.8000 25 a=6.6400	(ይገባዋል)
Mx 	389.1813
T	482 w=5.0600	(።)
Mx 	207.4176
My 	553.7327
Set font 	Gentium Plus;10;400;;normal;;LTR
T	20 w=4.6924	(1)
End page
Finish
