Set paper size 	419.5275636	595.275597
Begin page
Mx 	20.9764
My 	47.2138
Set font 	SBL Hebrew;25;400;;normal;;LTR
T	46 90 w=33.8500	(My)
Mx 	62.3532
Mx 	13.4500
Mx 	12.4250
Mx 	12.2250
Mx 	11.1750
Mx 	9.1000
Mx 	10.7000
Mx 	9.3000
Mx 	11.4250
Mx 	14.9000
T	73 a=13.4500 80 a=12.6000 87 a=12.4250 70 a=11.1750 83 a=9.3000 68 a=10.7000 83 a=9.3000 66 a=11.4250 2385 a=14.9000	(hovercraft)
Mx 	174.5801
T	74 84 w=16.5250	(is)
Mx 	198.6319
T	71 86 77 77 w=34.2250	(full)
Mx 	240.3838
T	80 71 w=20.3500	(of)
Mx 	268.2606
Mx 	11.3500
Mx 	11.1750
Mx 	6.6000
Mx 	9.7500
T	70 a=11.1750 70 a=11.1750 77 a=6.6000 84 a=9.7500	(eels)
T	15 w=5.5000	(.)
Mx 	20.9764
My 	76.2138
Set font 	SBL Hebrew;25;400;;normal;;RTL
T	1184 1180 1178 1191 1176 1183 1193 1172 w=86.2000	(בצלופחים)
Mx 	114.7155
T	1175 1171 1183 1185 w=48.8750	(מלאה)
Mx 	171.1297
T	1180 1183 1196 w=33.9500	(שלי)
Mx 	212.6189
T	1197 1191 1178 1195 1175 w=60.6000	(הרחפת)
Mx 	20.9764
My 	105.2138
Set font 	SBL Hebrew;25;400;;normal;;LTR
T	48 79 70 w=42.2750	(One)
Mx 	70.7946
Mx 	7.9000
Mx 	18.4750
Mx 	12.6000
T	85 a=7.9000 88 a=18.6750 80 a=12.6000	(two)
Mx 	117.3127
Set font 	SBL Hebrew;25;400;;normal;;RTL
T	1173 1172 1171 w=32.1000	(אבג)
Mx 	156.9559
Set font 	SBL Hebrew;25;400;;normal;;LTR
Mx 	7.9000
Mx 	13.4500
Mx 	9.1000
Mx 	11.3500
Mx 	11.1750
T	85 a=7.9000 73 a=13.4500 83 a=9.3000 70 a=11.1750 70 a=11.1750	(three)
Mx 	217.4741
T	71 80 86 83 w=42.9250	(four)
Mx 	20.9764
My 	134.2138
Set font 	SBL Hebrew;25;400;;normal;;RTL
T	1184 1180 1180 1197 1196 w=54.8500	(שתיים)
Mx 	83.3612
T	1174 1178 1171 w=34.9500	(אחד)
Mx 	125.8460
Set font 	SBL Hebrew;25;400;;normal;;LTR
T	34 35 36 w=48.2250	(ABC)
Mx 	181.6058
Set font 	SBL Hebrew;25;400;;normal;;RTL
T	1189 1172 1195 1171 w=48.4250	(ארבע)
Mx 	237.5656
T	1196 1176 1183 1196 w=49.6250	(שלוש)
Mx 	20.9764
My 	163.2138
Set font 	SBL Hebrew;25;400;;normal;;LTR
T	46 90 w=33.8500	(My)
Mx 	60.2430
Mx 	13.4500
Mx 	12.4250
Mx 	12.2250
Mx 	11.1750
Mx 	9.1000
Mx 	10.7000
Mx 	9.3000
Mx 	11.4250
Mx 	14.9000
T	73 a=13.4500 80 a=12.6000 87 a=12.4250 70 a=11.1750 83 a=9.3000 68 a=10.7000 83 a=9.3000 66 a=11.4250 2385 a=14.9000	(hovercraft)
Mx 	20.9764
My 	192.2138
T	74 84 w=16.5250	(is)
Mx 	45.0026
T	71 86 77 77 w=34.2250	(full)
Mx 	86.7287
T	80 71 w=20.3500	(of)
Mx 	114.5799
Mx 	11.3500
Mx 	11.1750
Mx 	6.6000
Mx 	9.7500
T	70 a=11.1750 70 a=11.1750 77 a=6.6000 84 a=9.7500	(eels)
T	15 w=5.5000	(.)
Mx 	20.9764
My 	221.2138
Set font 	SBL Hebrew;25;400;;normal;;RTL
T	1175 1171 1183 1185 w=48.8750	(מלאה)
Mx 	75.2680
T	1180 1183 1196 w=33.9500	(שלי)
Mx 	114.6347
T	1197 1191 1178 1195 1175 w=60.6000	(הרחפת)
Mx 	20.9764
My 	250.2138
T	1184 1180 1178 1191 1176 1183 1193 1172 w=86.2000	(בצלופחים)
Mx 	359.6762
My 	279.9388
Set font 	SBL Hebrew;25;400;;normal;;LTR
Mx 	11.3500
Mx 	11.1750
Mx 	6.6000
Mx 	9.7500
T	70 a=11.1750 70 a=11.1750 77 a=6.6000 84 a=9.7500	(eels)
Mx 	331.7993
T	80 71 w=20.3500	(of)
Mx 	290.0475
T	71 86 77 77 w=34.2250	(full)
Mx 	265.9956
T	74 84 w=16.5250	(is)
Mx 	153.7688
Mx 	13.4500
Mx 	12.4250
Mx 	12.2250
Mx 	11.1750
Mx 	9.1000
Mx 	10.7000
Mx 	9.3000
Mx 	11.4250
Mx 	14.9000
T	73 a=13.4500 80 a=12.6000 87 a=12.4250 70 a=11.1750 83 a=9.3000 68 a=10.7000 83 a=9.3000 66 a=11.4250 2385 a=14.9000	(hovercraft)
Mx 	112.3919
T	46 90 w=33.8500	(My)
Mx 	106.8919
Set font 	SBL Hebrew;25;400;;normal;;RTL
T	15 w=5.5000	(.)
Mx 	337.9512
My 	308.9388
T	1197 1191 1178 1195 1175 w=60.6000	(הרחפת)
Mx 	296.4620
T	1180 1183 1196 w=33.9500	(שלי)
Mx 	240.0479
T	1175 1171 1183 1185 w=48.8750	(מלאה)
Mx 	146.3087
T	1184 1180 1178 1191 1176 1183 1193 1172 w=86.2000	(בצלופחים)
Mx 	359.5762
My 	337.9388
Set font 	SBL Hebrew;25;400;;normal;;LTR
Mx 	7.9000
Mx 	18.4750
Mx 	12.6000
T	85 a=7.9000 88 a=18.6750 80 a=12.6000	(two)
Mx 	309.7580
T	48 79 70 w=42.2750	(One)
Mx 	270.1148
Set font 	SBL Hebrew;25;400;;normal;;RTL
T	1173 1172 1171 w=32.1000	(אבג)
Mx 	219.6467
Set font 	SBL Hebrew;25;400;;normal;;LTR
T	71 80 86 83 w=42.9250	(four)
Mx 	159.1285
Mx 	7.9000
Mx 	13.4500
Mx 	9.1000
Mx 	11.3500
Mx 	11.1750
T	85 a=7.9000 73 a=13.4500 83 a=9.3000 70 a=11.1750 70 a=11.1750	(three)
Mx 	363.6012
My 	366.9388
Set font 	SBL Hebrew;25;400;;normal;;RTL
T	1174 1178 1171 w=34.9500	(אחד)
Mx 	301.2164
T	1184 1180 1180 1197 1196 w=54.8500	(שתיים)
Mx 	245.4566
Set font 	SBL Hebrew;25;400;;normal;;LTR
T	34 35 36 w=48.2250	(ABC)
Mx 	188.2968
Set font 	SBL Hebrew;25;400;;normal;;RTL
T	1196 1176 1183 1196 w=49.6250	(שלוש)
Mx 	132.3370
T	1189 1172 1195 1171 w=48.4250	(ארבע)
Mx 	293.8512
My 	395.9388
Set font 	SBL Hebrew;25;400;;normal;;LTR
Mx 	13.4500
Mx 	12.4250
Mx 	12.2250
Mx 	11.1750
Mx 	9.1000
Mx 	10.7000
Mx 	9.3000
Mx 	11.4250
Mx 	14.9000
T	73 a=13.4500 80 a=12.6000 87 a=12.4250 70 a=11.1750 83 a=9.3000 68 a=10.7000 83 a=9.3000 66 a=11.4250 2385 a=14.9000	(hovercraft)
Mx 	254.5845
T	46 90 w=33.8500	(My)
Mx 	359.6762
My 	424.9388
Mx 	11.3500
Mx 	11.1750
Mx 	6.6000
Mx 	9.7500
T	70 a=11.1750 70 a=11.1750 77 a=6.6000 84 a=9.7500	(eels)
Mx 	331.8250
T	80 71 w=20.3500	(of)
Mx 	290.0988
T	71 86 77 77 w=34.2250	(full)
Mx 	266.0727
T	74 84 w=16.5250	(is)
Mx 	260.5727
Set font 	SBL Hebrew;25;400;;normal;;RTL
T	15 w=5.5000	(.)
Mx 	337.9512
My 	453.9388
T	1197 1191 1178 1195 1175 w=60.6000	(הרחפת)
Mx 	298.5845
T	1180 1183 1196 w=33.9500	(שלי)
Mx 	244.2929
T	1175 1171 1183 1185 w=48.8750	(מלאה)
Mx 	312.3512
My 	482.9388
T	1184 1180 1178 1191 1176 1183 1193 1172 w=86.2000	(בצלופחים)
Mx 	207.4176
My 	553.7327
Set font 	Gentium Plus;10;400;;normal;;LTR
T	20 w=4.6924	(1)
End page
Finish
