Set paper size 	595.275597	841.8897729
Begin page
Mx 	49.7638
My 	53.4470
Set font 	Gentium Plus;15;400;;normal;;LTR
T	47 68 w=14.0259	(La)
Mx 	67.2704
T	83 72 76 81 72 w=34.1455	(peine)
Mx 	104.8966
T	71 72 w=14.7290	(de)
Mx 	123.1063
T	80 82 85 87 w=30.6958	(mort)
Mx 	157.2827
T	72 86 87 w=17.8857	(est)
Mx 	178.6492
T	81 112 70 72 86 86 68 76 85 72 w=64.0942	(nécessaire)
Mx 	242.7434
T	15 w=3.4351	(,)
Mx 	249.6592
T	71 76 86 72 81 87 w=38.0273	(disent)
Mx 	291.1672
T	79 72 86 w=16.7871	(les)
Mx 	311.4350
T	83 68 85 87 76 86 68 81 86 w=56.7480	(partisans)
Mx 	371.6638
T	71 72 w=14.7290	(de)
Mx 	389.8734
T	79 183 68 81 87 76 84 88 72 w=54.4922	(l’antique)
Mx 	447.8463
T	72 87 w=12.0923	(et)
Mx 	463.4193
T	69 68 85 69 68 85 72 w=47.8125	(barbare)
Mx 	514.7125
T	85 82 88 87 76 81 72 w=45.8643	(routine)
Mx 	562.0768
T	30 w=3.4351	(;)
Mx 	29.7638
My 	71.4470
T	86 68 81 86 w=26.7480	(sans)
Mx 	61.8199
T	72 79 79 72 w=21.9873	(elle)
Mx 	89.1153
T	76 79 w=8.1299	(il)
Mx 	102.5532
T	81 183 72 86 87 w=29.5972	(n’est)
Mx 	137.4585
T	83 82 76 81 87 w=32.9956	(point)
Mx 	175.7622
T	71 72 w=14.7290	(de)
Mx 	195.7992
T	73 85 72 76 81 w=29.8755	(frein)
Mx 	230.9828
T	68 86 86 72 93 w=31.7651	(assez)
Mx 	268.0560
T	83 88 76 86 86 68 81 87 w=51.8701	(puissant)
Mx 	325.2342
T	83 82 88 85 w=29.3774	(pour)
Mx 	359.9197
T	79 72 w=10.9937	(le)
Mx 	376.2214
T	70 85 76 80 72 w=35.5371	(crime)
Mx 	411.7586
T	17 w=3.4351	(.)
Mx 	420.5017
T	52 88 76 w=21.0132	(Qui)
Mx 	446.8229
T	89 82 88 86 w=28.6816	(vous)
Mx 	480.8127
T	79 183 68 w=14.3848	(l’a)
Mx 	500.5055
T	71 76 87 w=17.0288	(dit)
Mx 	519.0343
T	34 w=6.4966	(?)
Mx 	530.8390
T	36 89 72 93 w=29.6191	(Avez)
Mx 	560.4581
T	16 w=5.0537	(-)
Mx 	29.7638
My 	89.4470
T	89 82 88 86 w=28.6816	(vous)
Mx 	61.9205
T	70 68 79 70 88 79 112 w=43.0005	(calculé)
Mx 	108.3960
T	87 82 88 86 w=26.4478	(tous)
Mx 	138.3188
T	79 72 86 w=16.7871	(les)
Mx 	158.5810
T	85 72 86 86 82 85 87 86 w=48.8965	(ressorts)
Mx 	210.9526
T	83 68 85 w=20.7715	(par)
Mx 	235.1991
T	79 72 86 84 88 72 79 86 w=49.2480	(lesquels)
Mx 	287.9222
T	79 72 86 w=16.7871	(les)
Mx 	308.1844
T	79 82 76 86 w=21.4673	(lois)
Mx 	333.1267
T	83 112 81 68 79 72 86 w=46.8237	(pénales)
Mx 	383.4255
T	83 72 88 89 72 81 87 w=50.5884	(peuvent)
Mx 	437.4890
T	68 74 76 85 w=24.2065	(agir)
Mx 	465.1706
T	86 88 85 w=19.6802	(sur)
Mx 	488.3258
T	79 68 w=10.9497	(la)
Mx 	502.7506
T	86 72 81 86 76 69 76 79 76 87 112 w=62.7612	(sensibilité)
Mx 	29.7638
My 	107.4470
T	75 88 80 68 76 81 72 w=54.4263	(humaine)
Mx 	85.6900
T	34 w=6.4966	(?)
Mx 	95.5307
T	43 112 79 68 86 w=33.4790	(Hélas)
Mx 	130.5097
T	4 w=4.0796	(!)
Mx 	137.9333
T	68 89 68 81 87 w=34.6069	(avant)
Mx 	175.8843
T	79 68 w=10.9497	(la)
Mx 	190.1780
T	80 82 85 87 w=30.6958	(mort)
Mx 	220.8738
T	15 w=3.4351	(,)
Mx 	227.6529
T	70 82 80 69 76 72 81 w=53.0347	(combien)
Mx 	284.0316
T	71 72 w=14.7290	(de)
Mx 	302.1046
T	71 82 88 79 72 88 85 86 w=53.9648	(douleurs)
Mx 	359.4135
T	83 75 92 86 76 84 88 72 86 w=61.8750	(physiques)
Mx 	424.6325
T	72 87 w=12.0923	(et)
Mx 	440.0689
T	80 82 85 68 79 72 86 w=49.2041	(morales)
Mx 	492.6170
T	79 183 75 82 80 80 72 w=54.3457	(l’homme)
Mx 	550.3067
T	81 72 w=15.2051	(ne)
Mx 	29.7638
My 	125.4470
T	83 72 88 87 w=27.9858	(peut)
Mx 	57.7496
T	16 w=5.0537	(-)
Mx 	62.8033
T	76 79 w=8.1299	(il)
Mx 	74.9649
T	83 68 86 w=20.6250	(pas)
Mx 	99.6216
T	72 81 71 88 85 72 85 w=49.7607	(endurer)
Mx 	150.8823
T	4 w=4.0796	(!)
Mx 	49.7638
My 	143.4470
T	57 82 76 70 76 w=31.9775	(Voici)
Mx 	85.7503
T	88 81 72 w=23.1519	(une)
Mx 	112.9112
T	169 w=7.2803	(«)
Mx 	124.2005
T	70 76 87 68 87 76 82 81 w=47.7173	(citation)
Mx 	175.9268
T	170 w=7.2803	(»)
Mx 	187.2160
T	72 81 87 85 72 w=33.2373	(entre)
Mx 	224.4623
T	74 88 76 79 79 72 80 72 87 86 w=64.3213	(guillemets)
Mx 	288.7836
T	17 w=3.4351	(.)
Mx 	49.7638
My 	161.4470
T	47 68 w=14.0259	(La)
Mx 	67.2704
T	83 72 76 81 72 w=34.1455	(peine)
Mx 	104.8966
T	71 72 w=14.7290	(de)
Mx 	123.1063
T	80 82 85 87 w=30.6958	(mort)
Mx 	157.2827
T	72 86 87 w=17.8857	(est)
Mx 	178.6492
T	81 112 70 72 86 86 68 76 85 72 w=64.0942	(nécessaire)
Mx 	242.7434
T	15 w=3.4351	(,)
Mx 	249.6592
T	71 76 86 72 81 87 w=38.0273	(disent)
Mx 	291.1672
T	79 72 86 w=16.7871	(les)
Mx 	311.4350
T	83 68 85 87 76 86 68 81 86 w=56.7480	(partisans)
Mx 	371.6638
T	71 72 w=14.7290	(de)
Mx 	389.8734
T	79 183 68 81 87 76 84 88 72 w=54.4922	(l’antique)
Mx 	447.8463
T	72 87 w=12.0923	(et)
Mx 	463.4193
T	69 68 85 69 68 85 72 w=47.8125	(barbare)
Mx 	514.7125
T	85 82 88 87 76 81 72 w=45.8643	(routine)
Mx 	562.0768
T	30 w=3.4351	(;)
Mx 	29.7638
My 	179.4470
T	86 68 81 86 w=26.7480	(sans)
Mx 	61.8199
T	72 79 79 72 w=21.9873	(elle)
Mx 	89.1153
T	76 79 w=8.1299	(il)
Mx 	102.5532
T	81 183 72 86 87 w=29.5972	(n’est)
Mx 	137.4585
T	83 82 76 81 87 w=32.9956	(point)
Mx 	175.7622
T	71 72 w=14.7290	(de)
Mx 	195.7992
T	73 85 72 76 81 w=29.8755	(frein)
Mx 	230.9828
T	68 86 86 72 93 w=31.7651	(assez)
Mx 	268.0560
T	83 88 76 86 86 68 81 87 w=51.8701	(puissant)
Mx 	325.2342
T	83 82 88 85 w=29.3774	(pour)
Mx 	359.9197
T	79 72 w=10.9937	(le)
Mx 	376.2214
T	70 85 76 80 72 w=35.5371	(crime)
Mx 	411.7586
T	17 w=3.4351	(.)
Mx 	420.5017
T	52 88 76 w=21.0132	(Qui)
Mx 	446.8229
T	89 82 88 86 w=28.6816	(vous)
Mx 	480.8127
T	79 183 68 w=14.3848	(l’a)
Mx 	500.5055
T	71 76 87 w=17.0288	(dit)
Mx 	519.0343
T	34 w=6.4966	(?)
Mx 	530.8390
T	36 89 72 93 w=29.6191	(Avez)
Mx 	560.4581
T	16 w=5.0537	(-)
Mx 	29.7638
My 	197.4470
T	89 82 88 86 w=28.6816	(vous)
Mx 	61.9205
T	70 68 79 70 88 79 112 w=43.0005	(calculé)
Mx 	108.3960
T	87 82 88 86 w=26.4478	(tous)
Mx 	138.3188
T	79 72 86 w=16.7871	(les)
Mx 	158.5810
T	85 72 86 86 82 85 87 86 w=48.8965	(ressorts)
Mx 	210.9526
T	83 68 85 w=20.7715	(par)
Mx 	235.1991
T	79 72 86 84 88 72 79 86 w=49.2480	(lesquels)
Mx 	287.9222
T	79 72 86 w=16.7871	(les)
Mx 	308.1844
T	79 82 76 86 w=21.4673	(lois)
Mx 	333.1267
T	83 112 81 68 79 72 86 w=46.8237	(pénales)
Mx 	383.4255
T	83 72 88 89 72 81 87 w=50.5884	(peuvent)
Mx 	437.4890
T	68 74 76 85 w=24.2065	(agir)
Mx 	465.1706
T	86 88 85 w=19.6802	(sur)
Mx 	488.3258
T	79 68 w=10.9497	(la)
Mx 	502.7506
T	86 72 81 86 76 69 76 79 76 87 112 w=62.7612	(sensibilité)
Mx 	29.7638
My 	215.4470
T	75 88 80 68 76 81 72 w=54.4263	(humaine)
Mx 	85.6900
T	34 w=6.4966	(?)
Mx 	95.5307
T	43 112 79 68 86 w=33.4790	(Hélas)
Mx 	130.5097
T	4 w=4.0796	(!)
Mx 	137.9333
T	68 89 68 81 87 w=34.6069	(avant)
Mx 	175.8843
T	79 68 w=10.9497	(la)
Mx 	190.1780
T	80 82 85 87 w=30.6958	(mort)
Mx 	220.8738
T	15 w=3.4351	(,)
Mx 	227.6529
T	70 82 80 69 76 72 81 w=53.0347	(combien)
Mx 	284.0316
T	71 72 w=14.7290	(de)
Mx 	302.1046
T	71 82 88 79 72 88 85 86 w=53.9648	(douleurs)
Mx 	359.4135
T	83 75 92 86 76 84 88 72 86 w=61.8750	(physiques)
Mx 	424.6325
T	72 87 w=12.0923	(et)
Mx 	440.0689
T	80 82 85 68 79 72 86 w=49.2041	(morales)
Mx 	492.6170
T	79 183 75 82 80 80 72 w=54.3457	(l’homme)
Mx 	550.3067
T	81 72 w=15.2051	(ne)
Mx 	29.7638
My 	233.4470
T	83 72 88 87 w=27.9858	(peut)
Mx 	57.7496
T	16 w=5.0537	(-)
Mx 	62.8033
T	76 79 w=8.1299	(il)
Mx 	74.9649
T	83 68 86 w=20.6250	(pas)
Mx 	99.6216
T	72 81 71 88 85 72 85 w=49.7607	(endurer)
Mx 	150.8823
T	4 w=4.0796	(!)
Mx 	49.7638
My 	251.4470
T	57 82 76 70 76 w=31.9775	(Voici)
Mx 	85.7516
T	88 81 72 w=23.1519	(une)
Mx 	112.9138
T	169 w=7.2803	(«)
Mx 	120.1941
T	70 76 87 68 87 76 82 81 w=47.7173	(citation)
Mx 	167.9114
T	170 w=7.2803	(»)
Mx 	179.2020
T	72 81 87 85 72 w=33.2373	(entre)
Mx 	216.4496
T	74 88 76 79 79 72 80 72 87 86 w=64.3213	(guillemets)
Mx 	280.7709
T	17 w=3.4351	(.)
Mx 	49.7638
My 	269.4470
T	43 112 79 68 86 w=33.4790	(Hélas)
Mx 	84.7428
T	4 w=4.0796	(!)
Mx 	88.8224
T	4 w=4.0796	(!)
Mx 	92.9020
T	4 w=4.0796	(!)
Mx 	295.2916
My 	780.6177
Set font 	Gentium Plus;10;400;;normal;;LTR
T	20 w=4.6924	(1)
End page
Finish
