Set paper size 	297.6377985	419.5275636
Begin page
Mx 	14.8819
My 	20.9764
Mx 	34.8819
My 	381.3449
Set font 	Noto Naskh Arabic;18;400;;normal;;RTL
T	40 39 w=18.1758	(اب)
Mx 	57.8320
T	365 408 494 w=25.2246	(میں)
Mx 	87.8309
T	460 461 502 354 w=46.0283	(کوشش)
Mx 	138.6335
Mx 	12.3662
Mx 	11.8389
Mx 	4.2803
T	406 a=12.3662 458 a=11.8389 80 x=1.0986 y=-0.8262 39 a=4.2803	(اِسی)
Mx 	171.8931
T	365 408 369 w=21.9814	(ہیں)
Mx 	198.6489
T	374 458 w=21.3750	(سے)
Mx 	224.7982
T	434 354 w=22.1660	(کب)
New page
Mx 	34.8819
My 	33.9315
T	40 39 w=18.1758	(اب)
Mx 	57.8320
T	365 408 494 w=25.2246	(میں)
Mx 	87.8309
T	460 461 502 354 w=46.0283	(کوشش)
Mx 	138.6335
Mx 	12.3662
Mx 	11.8389
Mx 	4.2803
T	406 a=12.3662 458 a=11.8389 80 x=1.0986 y=-0.8262 39 a=4.2803	(اِسی)
Mx 	171.8931
T	365 408 369 w=21.9814	(ہیں)
Mx 	198.6489
T	374 458 w=21.3750	(سے)
Mx 	224.7982
T	434 354 w=22.1660	(کب)
End page
Finish
