Set paper size 	297.6377985	419.5275636
Begin page
Mx 	34.8819
My 	28.7889
Set font 	Gentium Plus;10;400;;normal;;LTR
T	44 79 w=5.6885	(Il)
Mx 	43.2883
T	112 87 68 76 87 w=18.8037	(était)
Mx 	64.8099
T	88 81 72 w=15.4346	(une)
Mx 	82.9625
T	73 82 76 86 w=14.7119	(fois)
Mx 	97.6744
T	15 w=2.2900	(,)
Mx 	102.6823
T	71 68 81 86 w=19.1699	(dans)
Mx 	124.5702
T	88 81 w=10.8154	(un)
Mx 	138.1036
T	83 68 92 86 w=18.6816	(pays)
Mx 	159.5031
T	87 85 113 86 w=15.8838	(très)
Mx 	178.1049
T	79 82 76 81 87 68 76 81 w=32.2266	(lointain)
Mx 	213.0494
T	11 w=3.1689	(()
Mx 	216.2183
T	71 82 81 87 w=19.1895	(dont)
Mx 	238.1257
T	79 72 w=7.3291	(le)
Mx 	248.1727
T	81 82 80 w=18.5791	(nom)
Mx 	269.4698
T	83 112 w=9.9170	(pé)
Mx 	279.3868
T	16 w=3.3691	(-)
Mx 	14.8819
My 	40.7889
T	85 76 79 79 72 88 91 w=27.0361	(rilleux)
Mx 	44.4591
T	81 72 w=10.1367	(ne)
Mx 	57.1370
T	71 82 76 87 w=16.3818	(doit)
Mx 	76.0599
T	83 68 86 w=13.7500	(pas)
Mx 	90.8099
Mx 	4.6191
Mx 	3.4424
Mx 	3.9600
Mx 	4.6191
T	72 a=4.6191 2195 x=0.3809 87 a=3.4424 85 a=3.9600 72 a=4.6191	(être)
Mx 	109.9917
T	83 85 82 81 82 81 70 112 w=39.3408	(prononcé)
Mx 	149.3325
T	12 w=3.1689	())
Mx 	152.5015
T	15 w=2.2900	(,)
Mx 	157.3326
T	89 76 89 68 76 87 w=23.3154	(vivait)
Mx 	183.1892
T	37 72 85 81 68 71 72 87 87 72 w=45.5078	(Bernadette)
Mx 	228.6970
T	15 w=2.2900	(,)
Mx 	233.5282
T	84 88 76 w=13.1592	(qui)
Mx 	249.2285
T	81 82 88 86 w=19.7070	(nous)
Mx 	271.4766
T	71 76 w=7.9102	(di)
Mx 	279.3868
T	16 w=3.3691	(-)
Mx 	14.8819
My 	52.7889
T	86 68 76 87 w=14.6045	(sait)
Mx 	32.1394
T	169 w=4.8535	(«)
Mx 	39.6459
T	53 76 72 81 w=18.4570	(Rien)
Mx 	60.7559
T	71 183 76 80 83 82 85 87 68 81 87 w=49.5117	(d’important)
Mx 	111.2676
T	4 w=2.7197	(!)
Mx 	116.6403
T	170 w=4.8535	(»)
Mx 	124.1468
T	36 86 w=9.8145	(As)
Mx 	133.9613
T	16 w=3.3691	(-)
Mx 	137.3304
T	87 88 w=8.7402	(tu)
Mx 	148.7236
T	72 81 87 72 81 71 88 w=34.2139	(entendu)
Mx 	183.9375
T	34 w=4.3311	(?)
Mx 	146.4727
My 	392.0445
T	20 w=4.6924	(1)
End page
Finish
