Set paper size 	297.6377985	419.5275636
Begin page
Mx 	24.7039
My 	58.7843
Set font 	Noto Sans Malayalam;12;400;;normal;;LTR
T	55 4 w=20.1094	(സം)
Mx 	44.8133
T	55 59 w=20.7305	(സാ)
Mx 	65.5438
T	47 60 w=11.5664	(രി)
Mx 	77.1102
T	260 w=3.8613	(-)
Mx 	24.7039
My 	73.1843
T	159 60 w=13.9336	(ച്ചി)
Mx 	38.6375
T	47 60 w=11.5664	(രി)
Mx 	50.2039
Mx 	17.6367
Mx 	3.9785
Mx 	12.4512
T	147 a=18.0762 62 a=3.9785 20 a=12.4512	(ക്കുക)
End page
Finish
